2025-05-05 20:44:52,037 - aqt.main - INFO - installer 22100 aqtinstall(aqt) v3.2.1 on Python 3.12.0 [CPython MSC v.1935 64 bit (AMD64)]
2025-05-05 20:44:52,038 - aqt.helper - DEBUG - helper 22100 Attempt to download checksum at https://download.qt.io/online/qtsdkrepository/windows_x86/desktop/qt5_5152/Updates.xml.sha256
2025-05-05 20:44:53,568 - aqt.helper - DEBUG - helper 14048 Attempt to download checksum at https://download.qt.io/online/qtsdkrepository/windows_x86/desktop/qt5_5152/qt.qt5.5152.win64_msvc2019_64/5.15.2-0-202011130602qtbase-Windows-Windows_10-MSVC2019-Windows-Windows_10-X86_64.7z.sha256
56
2025-05-05 20:44:53,568 - aqt.helper - DEBUG - helper 19284 Attempt to download checksum at https://download.qt.io/online/qtsdkrepository/windows_x86/desktop/qt5_5152/qt.qt5.5152.win64_msvc2019_64/5.15.2-0-202011130602qttranslations-Windows-Windows_10-MSVC2019-Windows-Windows_10-X86_64.7z.sha256
2025-05-05 20:44:53,572 - aqt.helper - DEBUG - helper 16456 Attempt to download checksum at https://download.qt.io/online/qtsdkrepository/windows_x86/desktop/qt5_5152/qt.qt5.5152.win64_msvc2019_64/5.15.2-0-202011130602qtsvg-Windows-Windows_10-MSVC2019-Windows-Windows_10-X86_64.7z.sha256
2025-05-05 20:44:54,318 - aqt.helper - INFO - helper 14048 Downloading qtbase...
2025-05-05 20:44:54,318 - aqt.helper - INFO - helper 13208 Downloading qtactiveqt...
..
2025-05-05 20:44:54,318 - aqt.helper - INFO - helper 16456 Downloading qtsvg...
2025-05-05 20:44:54,318 - aqt.installer - DEBUG - installer 14048 Download URL: https://download.qt.io/online/qtsdkrepository/windows_x86/desktop/qt5_5152/qt.qt5.5152.win64_msvc2019_64/5.15.2-0-202011130602qtbase-Windows-Windows_10-MSVC2019-Windows-Windows_10-X86_64.7z
2025-05-05 20:44:54,318 - aqt.installer - DEBUG - installer 19284 Download URL: https://download.qt.io/online/qtsdkrepository/windows_x86/desktop/qt5_5152/qt.qt5.5152.win64_msvc2019_64/5.15.2-0-202011130602qttranslations-Windows-Windows_10-MSVC2019-Windows-Windows_10-X86_64.7z
2025-05-05 20:44:54,318 - aqt.installer - DEBUG - installer 13208 Download URL: https://download.qt.io/online/qtsdkrepository/windows_x86/desktop/qt5_5152/qt.qt5.5152.win64_msvc2019_64/5.15.2-0-202011130602qtactiveqt-Windows-Windows_10-MSVC2019-Windows-Windows_10-X86_64.7z
2025-05-05 20:44:54,318 - aqt.installer - DEBUG - installer 16456 Download URL: https://download.qt.io/online/qtsdkrepository/windows_x86/desktop/qt5_5152/qt.qt5.5152.win64_msvc2019_64/5.15.2-0-202011130602qtsvg-Windows-Windows_10-MSVC2019-Windows-Windows_10-X86_64.7z
2025-05-05 20:44:55,026 - aqt.helper - DEBUG - helper 14048 Asked to redirect(302) to: https://qt.mirror.constant.com/online/qtsdkrepository/windows_x86/desktop/qt5_5152/qt.qt5.5152.win64_msvc2019_64/5.15.2-0-202011130602qtbase-Windows-Windows_10-MSVC2019-Windows-Windows_10-X86_64.7z
2025-05-05 20:44:55,026 - aqt.helper - INFO - helper 14048 Redirected: qt.mirror.constant.com
2025-05-05 20:44:55,032 - aqt.helper - DEBUG - helper 13208 Asked to redirect(302) to: https://qt.mirror.constant.com/online/qtsdkrepository/windows_x86/desktop/qt5_5152/qt.qt5.5152.win64_msvc2019_64/5.15.2-0-202011130602qtactiveqt-Windows-Windows_10-MSVC2019-Windows-Windows_10-X86_64.7z
2025-05-05 20:44:55,032 - aqt.helper - INFO - helper 13208 Redirected: qt.mirror.constant.com
2025-05-05 20:44:55,034 - aqt.helper - DEBUG - helper 16456 Asked to redirect(302) to: https://qt.mirror.constant.com/online/qtsdkrepository/windows_x86/desktop/qt5_5152/qt.qt5.5152.win64_msvc2019_64/5.15.2-0-202011130602qtsvg-Windows-Windows_10-MSVC2019-Windows-Windows_10-X86_64.7z
2025-05-05 20:44:55,034 - aqt.helper - INFO - helper 16456 Redirected: qt.mirror.constant.com
2025-05-05 20:44:55,040 - aqt.helper - DEBUG - helper 19284 Asked to redirect(302) to: https://qt.mirror.constant.com/online/qtsdkrepository/windows_x86/desktop/qt5_5152/qt.qt5.5152.win64_msvc2019_64/5.15.2-0-202011130602qttranslations-Windows-Windows_10-MSVC2019-Windows-Windows_10-X86_64.7z
2025-05-05 20:44:55,040 - aqt.helper - INFO - helper 19284 Redirected: qt.mirror.constant.com
2025-05-05 20:44:55,489 - aqt.installer - INFO - installer 16456 Finished installation of qtsvg-Windows-Windows_10-MSVC2019-Windows-Windows_10-X86_64.7z in 1.91922010
2025-05-05 20:44:55,496 - aqt.helper - DEBUG - helper 16456 Attempt to download checksum at https://download.qt.io/online/qtsdkrepository/windows_x86/desktop/qt5_5152/qt.qt5.5152.win64_msvc2019_64/5.15.2-0-202011130602qtdeclarative-Windows-Windows_10-MSVC2019-Windows-Windows_10-X86_64.7z.sha256
2025-05-05 20:44:55,668 - aqt.installer - INFO - installer 13208 Finished installation of qtactiveqt-Windows-Windows_10-MSVC2019-Windows-Windows_10-X86_64.7z in 2.10196600
2025-05-05 20:44:55,676 - aqt.helper - DEBUG - helper 13208 Attempt to download checksum at https://download.qt.io/online/qtsdkrepository/windows_x86/desktop/qt5_5152/qt.qt5.5152.win64_msvc2019_64/5.15.2-0-202011130602qtmultimedia-Windows-Windows_10-MSVC2019-Windows-Windows_10-X86_64.7z.sha256
2025-05-05 20:44:55,706 - aqt.installer - INFO - installer 19284 Finished installation of qttranslations-Windows-Windows_10-MSVC2019-Windows-Windows_10-X86_64.7z in 2.13954260
2025-05-05 20:44:55,714 - aqt.helper - DEBUG - helper 19284 Attempt to download checksum at https://download.qt.io/online/qtsdkrepository/windows_x86/desktop/qt5_5152/qt.qt5.5152.win64_msvc2019_64/5.15.2-0-202011130602qtgraphicaleffects-Windows-Windows_10-MSVC2019-Windows-Windows_10-X86_64.7z.sha256
2025-05-05 20:44:56,176 - aqt.helper - INFO - helper 16456 Downloading qtdeclarative...
2025-05-05 20:44:56,176 - aqt.installer - DEBUG - installer 16456 Download URL: https://download.qt.io/online/qtsdkrepository/windows_x86/desktop/qt5_5152/qt.qt5.5152.win64_msvc2019_64/5.15.2-0-202011130602qtdeclarative-Windows-Windows_10-MSVC2019-Windows-Windows_10-X86_64.7z
2025-05-05 20:44:56,384 - aqt.helper - INFO - helper 13208 Downloading qtmultimedia...
2025-05-05 20:44:56,384 - aqt.installer - DEBUG - installer 13208 Download URL: https://download.qt.io/online/qtsdkrepository/windows_x86/desktop/qt5_5152/qt.qt5.5152.win64_msvc2019_64/5.15.2-0-202011130602qtmultimedia-Windows-Windows_10-MSVC2019-Windows-Windows_10-X86_64.7z
2025-05-05 20:44:56,390 - aqt.helper - INFO - helper 19284 Downloading qtgraphicaleffects...
2025-05-05 20:44:56,390 - aqt.installer - DEBUG - installer 19284 Download URL: https://download.qt.io/online/qtsdkrepository/windows_x86/desktop/qt5_5152/qt.qt5.5152.win64_msvc2019_64/5.15.2-0-202011130602qtgraphicaleffects-Windows-Windows_10-MSVC2019-Windows-Windows_10-X86_64.7z
2025-05-05 20:44:56,765 - aqt.helper - DEBUG - helper 16456 Asked to redirect(302) to: https://qt.mirror.constant.com/online/qtsdkrepository/windows_x86/desktop/qt5_5152/qt.qt5.5152.win64_msvc2019_64/5.15.2-0-202011130602qtdeclarative-Windows-Windows_10-MSVC2019-Windows-Windows_10-X86_64.7z
2025-05-05 20:44:56,765 - aqt.helper - INFO - helper 16456 Redirected: qt.mirror.constant.com
2025-05-05 20:44:57,009 - aqt.helper - DEBUG - helper 13208 Asked to redirect(302) to: https://qt.mirror.constant.com/online/qtsdkrepository/windows_x86/desktop/qt5_5152/qt.qt5.5152.win64_msvc2019_64/5.15.2-0-202011130602qtmultimedia-Windows-Windows_10-MSVC2019-Windows-Windows_10-X86_64.7z
2025-05-05 20:44:57,009 - aqt.helper - INFO - helper 13208 Redirected: qt.mirror.constant.com
2025-05-05 20:44:57,020 - aqt.helper - DEBUG - helper 19284 Asked to redirect(302) to: https://qt.mirror.constant.com/online/qtsdkrepository/windows_x86/desktop/qt5_5152/qt.qt5.5152.win64_msvc2019_64/5.15.2-0-202011130602qtgraphicaleffects-Windows-Windows_10-MSVC2019-Windows-Windows_10-X86_64.7z
2025-05-05 20:44:57,020 - aqt.helper - INFO - helper 19284 Redirected: qt.mirror.constant.com
2025-05-05 20:44:57,349 - aqt.installer - INFO - installer 19284 Finished installation of qtgraphicaleffects-Windows-Windows_10-MSVC2019-Windows-Windows_10-X86_64.7z in 1.63633290
2025-05-05 20:44:57,356 - aqt.helper - DEBUG - helper 19284 Attempt to download checksum at https://download.qt.io/online/qtsdkrepository/windows_x86/desktop/qt5_5152/qt.qt5.5152.win64_msvc2019_64/5.15.2-0-202011130602qtwinextras-Windows-Windows_10-MSVC2019-Windows-Windows_10-X86_64.7z.sha256
2025-05-05 20:44:57,578 - aqt.installer - INFO - installer 13208 Finished installation of qtmultimedia-Windows-Windows_10-MSVC2019-Windows-Windows_10-X86_64.7z in 1.90242620
2025-05-05 20:44:57,584 - aqt.helper - DEBUG - helper 13208 Attempt to download checksum at https://download.qt.io/online/qtsdkrepository/windows_x86/desktop/qt5_5152/qt.qt5.5152.win64_msvc2019_64/5.15.2-0-202011130602qttools-Windows-Windows_10-MSVC2019-Windows-Windows_10-X86_64.7z.sha256
2025-05-05 20:44:57,946 - aqt.helper - INFO - helper 19284 Downloading qtwinextras...
2025-05-05 20:44:57,946 - aqt.installer - DEBUG - installer 19284 Download URL: https://download.qt.io/online/qtsdkrepository/windows_x86/desktop/qt5_5152/qt.qt5.5152.win64_msvc2019_64/5.15.2-0-202011130602qtwinextras-Windows-Windows_10-MSVC2019-Windows-Windows_10-X86_64.7z
2025-05-05 20:44:58,167 - aqt.helper - INFO - helper 13208 Downloading qttools...
2025-05-05 20:44:58,167 - aqt.installer - DEBUG - installer 13208 Download URL: https://download.qt.io/online/qtsdkrepository/windows_x86/desktop/qt5_5152/qt.qt5.5152.win64_msvc2019_64/5.15.2-0-202011130602qttools-Windows-Windows_10-MSVC2019-Windows-Windows_10-X86_64.7z
2025-05-05 20:44:58,192 - aqt.installer - INFO - installer 16456 Finished installation of qtdeclarative-Windows-Windows_10-MSVC2019-Windows-Windows_10-X86_64.7z in 2.69846390
2025-05-05 20:44:58,201 - aqt.helper - DEBUG - helper 16456 Attempt to download checksum at https://download.qt.io/online/qtsdkrepository/windows_x86/desktop/qt5_5152/qt.qt5.5152.win64_msvc2019_64/5.15.2-0-202011130602qtsensors-Windows-Windows_10-MSVC2019-Windows-Windows_10-X86_64.7z.sha256
2025-05-05 20:44:58,533 - aqt.helper - DEBUG - helper 19284 Asked to redirect(302) to: https://qt.mirror.constant.com/online/qtsdkrepository/windows_x86/desktop/qt5_5152/qt.qt5.5152.win64_msvc2019_64/5.15.2-0-202011130602qtwinextras-Windows-Windows_10-MSVC2019-Windows-Windows_10-X86_64.7z
2025-05-05 20:44:58,533 - aqt.helper - INFO - helper 19284 Redirected: qt.mirror.constant.com
2025-05-05 20:44:58,783 - aqt.helper - DEBUG - helper 13208 Asked to redirect(302) to: https://qt.mirror.constant.com/online/qtsdkrepository/windows_x86/desktop/qt5_5152/qt.qt5.5152.win64_msvc2019_64/5.15.2-0-202011130602qttools-Windows-Windows_10-MSVC2019-Windows-Windows_10-X86_64.7z
2025-05-05 20:44:58,783 - aqt.helper - INFO - helper 13208 Redirected: qt.mirror.constant.com
2025-05-05 20:44:58,821 - aqt.helper - INFO - helper 16456 Downloading qtsensors...
2025-05-05 20:44:58,821 - aqt.installer - DEBUG - installer 16456 Download URL: https://download.qt.io/online/qtsdkrepository/windows_x86/desktop/qt5_5152/qt.qt5.5152.win64_msvc2019_64/5.15.2-0-202011130602qtsensors-Windows-Windows_10-MSVC2019-Windows-Windows_10-X86_64.7z
2025-05-05 20:44:58,836 - aqt.installer - INFO - installer 19284 Finished installation of qtwinextras-Windows-Windows_10-MSVC2019-Windows-Windows_10-X86_64.7z in 1.48113390
2025-05-05 20:44:58,843 - aqt.helper - DEBUG - helper 19284 Attempt to download checksum at https://download.qt.io/online/qtsdkrepository/windows_x86/desktop/qt5_5152/qt.qt5.5152.win64_msvc2019_64/5.15.2-0-202011130602qtimageformats-Windows-Windows_10-MSVC2019-Windows-Windows_10-X86_64.7z.sha256
2025-05-05 20:44:59,461 - aqt.helper - DEBUG - helper 16456 Asked to redirect(302) to: https://qt.mirror.constant.com/online/qtsdkrepository/windows_x86/desktop/qt5_5152/qt.qt5.5152.win64_msvc2019_64/5.15.2-0-202011130602qtsensors-Windows-Windows_10-MSVC2019-Windows-Windows_10-X86_64.7z
2025-05-05 20:44:59,461 - aqt.helper - INFO - helper 16456 Redirected: qt.mirror.constant.com
2025-05-05 20:44:59,509 - aqt.installer - INFO - installer 14048 Finished installation of qtbase-Windows-Windows_10-MSVC2019-Windows-Windows_10-X86_64.7z in 5.94304990
2025-05-05 20:44:59,519 - aqt.helper - DEBUG - helper 14048 Attempt to download checksum at https://download.qt.io/online/qtsdkrepository/windows_x86/desktop/qt5_5152/qt.qt5.5152.win64_msvc2019_64/5.15.2-0-202011130602qtconnectivity-Windows-Windows_10-MSVC2019-Windows-Windows_10-X86_64.7z.sha256
2025-05-05 20:44:59,555 - aqt.helper - INFO - helper 19284 Downloading qtimageformats...
2025-05-05 20:44:59,555 - aqt.installer - DEBUG - installer 19284 Download URL: https://download.qt.io/online/qtsdkrepository/windows_x86/desktop/qt5_5152/qt.qt5.5152.win64_msvc2019_64/5.15.2-0-202011130602qtimageformats-Windows-Windows_10-MSVC2019-Windows-Windows_10-X86_64.7z
2025-05-05 20:44:59,839 - aqt.installer - INFO - installer 16456 Finished installation of qtsensors-Windows-Windows_10-MSVC2019-Windows-Windows_10-X86_64.7z in 1.63972140
2025-05-05 20:44:59,845 - aqt.helper - DEBUG - helper 16456 Attempt to download checksum at https://download.qt.io/online/qtsdkrepository/windows_x86/desktop/qt5_5152/qt.qt5.5152.win64_msvc2019_64/5.15.2-0-202011130602qtwebsockets-Windows-Windows_10-MSVC2019-Windows-Windows_10-X86_64.7z.sha256
2025-05-05 20:45:00,146 - aqt.helper - INFO - helper 14048 Downloading qtconnectivity...
2025-05-05 20:45:00,147 - aqt.installer - DEBUG - installer 14048 Download URL: https://download.qt.io/online/qtsdkrepository/windows_x86/desktop/qt5_5152/qt.qt5.5152.win64_msvc2019_64/5.15.2-0-202011130602qtconnectivity-Windows-Windows_10-MSVC2019-Windows-Windows_10-X86_64.7z
2025-05-05 20:45:00,174 - aqt.helper - DEBUG - helper 19284 Asked to redirect(302) to: https://qt.mirror.constant.com/online/qtsdkrepository/windows_x86/desktop/qt5_5152/qt.qt5.5152.win64_msvc2019_64/5.15.2-0-202011130602qtimageformats-Windows-Windows_10-MSVC2019-Windows-Windows_10-X86_64.7z
2025-05-05 20:45:00,174 - aqt.helper - INFO - helper 19284 Redirected: qt.mirror.constant.com
2025-05-05 20:45:00,443 - aqt.helper - INFO - helper 16456 Downloading qtwebsockets...
2025-05-05 20:45:00,443 - aqt.installer - DEBUG - installer 16456 Download URL: https://download.qt.io/online/qtsdkrepository/windows_x86/desktop/qt5_5152/qt.qt5.5152.win64_msvc2019_64/5.15.2-0-202011130602qtwebsockets-Windows-Windows_10-MSVC2019-Windows-Windows_10-X86_64.7z
2025-05-05 20:45:00,541 - aqt.installer - INFO - installer 19284 Finished installation of qtimageformats-Windows-Windows_10-MSVC2019-Windows-Windows_10-X86_64.7z in 1.69867560
2025-05-05 20:45:00,548 - aqt.helper - DEBUG - helper 19284 Attempt to download checksum at https://download.qt.io/online/qtsdkrepository/windows_x86/desktop/qt5_5152/qt.qt5.5152.win64_msvc2019_64/5.15.2-0-202011130602qtwebchannel-Windows-Windows_10-MSVC2019-Windows-Windows_10-X86_64.7z.sha256
2025-05-05 20:45:00,760 - aqt.helper - DEBUG - helper 14048 Asked to redirect(302) to: https://qt.mirror.constant.com/online/qtsdkrepository/windows_x86/desktop/qt5_5152/qt.qt5.5152.win64_msvc2019_64/5.15.2-0-202011130602qtconnectivity-Windows-Windows_10-MSVC2019-Windows-Windows_10-X86_64.7z
2025-05-05 20:45:00,760 - aqt.helper - INFO - helper 14048 Redirected: qt.mirror.constant.com
2025-05-05 20:45:00,851 - aqt.installer - INFO - installer 13208 Finished installation of qttools-Windows-Windows_10-MSVC2019-Windows-Windows_10-X86_64.7z in 3.26729000
2025-05-05 20:45:00,859 - aqt.helper - DEBUG - helper 13208 Attempt to download checksum at https://download.qt.io/online/qtsdkrepository/windows_x86/desktop/qt5_5152/qt.qt5.5152.win64_msvc2019_64/5.15.2-0-202011130602qtxmlpatterns-Windows-Windows_10-MSVC2019-Windows-Windows_10-X86_64.7z.sha256
2025-05-05 20:45:01,046 - aqt.helper - DEBUG - helper 16456 Asked to redirect(302) to: https://qt.mirror.constant.com/online/qtsdkrepository/windows_x86/desktop/qt5_5152/qt.qt5.5152.win64_msvc2019_64/5.15.2-0-202011130602qtwebsockets-Windows-Windows_10-MSVC2019-Windows-Windows_10-X86_64.7z
2025-05-05 20:45:01,046 - aqt.helper - INFO - helper 16456 Redirected: qt.mirror.constant.com
2025-05-05 20:45:01,210 - aqt.helper - INFO - helper 19284 Downloading qtwebchannel...
2025-05-05 20:45:01,210 - aqt.installer - DEBUG - installer 19284 Download URL: https://download.qt.io/online/qtsdkrepository/windows_x86/desktop/qt5_5152/qt.qt5.5152.win64_msvc2019_64/5.15.2-0-202011130602qtwebchannel-Windows-Windows_10-MSVC2019-Windows-Windows_10-X86_64.7z
2025-05-05 20:45:01,306 - aqt.installer - INFO - installer 14048 Finished installation of qtconnectivity-Windows-Windows_10-MSVC2019-Windows-Windows_10-X86_64.7z in 1.78852330
2025-05-05 20:45:01,312 - aqt.helper - DEBUG - helper 14048 Attempt to download checksum at https://download.qt.io/online/qtsdkrepository/windows_x86/desktop/qt5_5152/qt.qt5.5152.win64_msvc2019_64/5.15.2-0-202011130602qtserialport-Windows-Windows_10-MSVC2019-Windows-Windows_10-X86_64.7z.sha256
2025-05-05 20:45:01,490 - aqt.helper - INFO - helper 13208 Downloading qtxmlpatterns...
2025-05-05 20:45:01,490 - aqt.installer - DEBUG - installer 13208 Download URL: https://download.qt.io/online/qtsdkrepository/windows_x86/desktop/qt5_5152/qt.qt5.5152.win64_msvc2019_64/5.15.2-0-202011130602qtxmlpatterns-Windows-Windows_10-MSVC2019-Windows-Windows_10-X86_64.7z
2025-05-05 20:45:01,543 - aqt.installer - INFO - installer 16456 Finished installation of qtwebsockets-Windows-Windows_10-MSVC2019-Windows-Windows_10-X86_64.7z in 1.69917200
2025-05-05 20:45:01,551 - aqt.helper - DEBUG - helper 16456 Attempt to download checksum at https://download.qt.io/online/qtsdkrepository/windows_x86/desktop/qt5_5152/qt.qt5.5152.win64_msvc2019_64/5.15.2-0-202011130602qtquickcontrols2-Windows-Windows_10-MSVC2019-Windows-Windows_10-X86_64.7z.sha256
2025-05-05 20:45:01,804 - aqt.helper - DEBUG - helper 19284 Asked to redirect(302) to: https://qt.mirror.constant.com/online/qtsdkrepository/windows_x86/desktop/qt5_5152/qt.qt5.5152.win64_msvc2019_64/5.15.2-0-202011130602qtwebchannel-Windows-Windows_10-MSVC2019-Windows-Windows_10-X86_64.7z
2025-05-05 20:45:01,804 - aqt.helper - INFO - helper 19284 Redirected: qt.mirror.constant.com
2025-05-05 20:45:01,908 - aqt.helper - INFO - helper 14048 Downloading qtserialport...
2025-05-05 20:45:01,908 - aqt.installer - DEBUG - installer 14048 Download URL: https://download.qt.io/online/qtsdkrepository/windows_x86/desktop/qt5_5152/qt.qt5.5152.win64_msvc2019_64/5.15.2-0-202011130602qtserialport-Windows-Windows_10-MSVC2019-Windows-Windows_10-X86_64.7z
2025-05-05 20:45:02,101 - aqt.helper - DEBUG - helper 13208 Asked to redirect(302) to: https://qt.mirror.constant.com/online/qtsdkrepository/windows_x86/desktop/qt5_5152/qt.qt5.5152.win64_msvc2019_64/5.15.2-0-202011130602qtxmlpatterns-Windows-Windows_10-MSVC2019-Windows-Windows_10-X86_64.7z
2025-05-05 20:45:02,101 - aqt.helper - INFO - helper 13208 Redirected: qt.mirror.constant.com
2025-05-05 20:45:02,103 - aqt.installer - INFO - installer 19284 Finished installation of qtwebchannel-Windows-Windows_10-MSVC2019-Windows-Windows_10-X86_64.7z in 1.55638370
2025-05-05 20:45:02,110 - aqt.helper - DEBUG - helper 19284 Attempt to download checksum at https://download.qt.io/online/qtsdkrepository/windows_x86/desktop/qt5_5152/qt.qt5.5152.win64_msvc2019_64/5.15.2-0-202011130602qtlocation-Windows-Windows_10-MSVC2019-Windows-Windows_10-X86_64.7z.sha256
2025-05-05 20:45:02,176 - aqt.helper - INFO - helper 16456 Downloading qtquickcontrols2...
2025-05-05 20:45:02,177 - aqt.installer - DEBUG - installer 16456 Download URL: https://download.qt.io/online/qtsdkrepository/windows_x86/desktop/qt5_5152/qt.qt5.5152.win64_msvc2019_64/5.15.2-0-202011130602qtquickcontrols2-Windows-Windows_10-MSVC2019-Windows-Windows_10-X86_64.7z
2025-05-05 20:45:02,519 - aqt.helper - DEBUG - helper 14048 Asked to redirect(302) to: https://qt.mirror.constant.com/online/qtsdkrepository/windows_x86/desktop/qt5_5152/qt.qt5.5152.win64_msvc2019_64/5.15.2-0-202011130602qtserialport-Windows-Windows_10-MSVC2019-Windows-Windows_10-X86_64.7z
2025-05-05 20:45:02,519 - aqt.helper - INFO - helper 14048 Redirected: qt.mirror.constant.com
2025-05-05 20:45:02,738 - aqt.helper - INFO - helper 19284 Downloading qtlocation...
2025-05-05 20:45:02,738 - aqt.installer - DEBUG - installer 19284 Download URL: https://download.qt.io/online/qtsdkrepository/windows_x86/desktop/qt5_5152/qt.qt5.5152.win64_msvc2019_64/5.15.2-0-202011130602qtlocation-Windows-Windows_10-MSVC2019-Windows-Windows_10-X86_64.7z
2025-05-05 20:45:02,759 - aqt.installer - INFO - installer 13208 Finished installation of qtxmlpatterns-Windows-Windows_10-MSVC2019-Windows-Windows_10-X86_64.7z in 1.90268050
2025-05-05 20:45:02,767 - aqt.helper - DEBUG - helper 13208 Attempt to download checksum at https://download.qt.io/online/qtsdkrepository/windows_x86/desktop/qt5_5152/qt.qt5.5152.win64_msvc2019_64/5.15.2-0-202011130602qtwebview-Windows-Windows_10-MSVC2019-Windows-Windows_10-X86_64.7z.sha256
2025-05-05 20:45:02,789 - aqt.helper - DEBUG - helper 16456 Asked to redirect(302) to: https://qt.mirror.constant.com/online/qtsdkrepository/windows_x86/desktop/qt5_5152/qt.qt5.5152.win64_msvc2019_64/5.15.2-0-202011130602qtquickcontrols2-Windows-Windows_10-MSVC2019-Windows-Windows_10-X86_64.7z
2025-05-05 20:45:02,789 - aqt.helper - INFO - helper 16456 Redirected: qt.mirror.constant.com
2025-05-05 20:45:02,980 - aqt.installer - INFO - installer 14048 Finished installation of qtserialport-Windows-Windows_10-MSVC2019-Windows-Windows_10-X86_64.7z in 1.66889900
2025-05-05 20:45:02,986 - aqt.helper - DEBUG - helper 14048 Attempt to download checksum at https://download.qt.io/online/qtsdkrepository/windows_x86/desktop/qt5_5152/qt.qt5.5152.win64_msvc2019_64/5.15.2-0-202011130602qtquickcontrols-Windows-Windows_10-MSVC2019-Windows-Windows_10-X86_64.7z.sha256
2025-05-05 20:45:03,391 - aqt.helper - DEBUG - helper 19284 Asked to redirect(302) to: https://qt.mirror.constant.com/online/qtsdkrepository/windows_x86/desktop/qt5_5152/qt.qt5.5152.win64_msvc2019_64/5.15.2-0-202011130602qtlocation-Windows-Windows_10-MSVC2019-Windows-Windows_10-X86_64.7z
2025-05-05 20:45:03,391 - aqt.helper - INFO - helper 19284 Redirected: qt.mirror.constant.com
2025-05-05 20:45:03,409 - aqt.helper - INFO - helper 13208 Downloading qtwebview...
2025-05-05 20:45:03,409 - aqt.installer - DEBUG - installer 13208 Download URL: https://download.qt.io/online/qtsdkrepository/windows_x86/desktop/qt5_5152/qt.qt5.5152.win64_msvc2019_64/5.15.2-0-202011130602qtwebview-Windows-Windows_10-MSVC2019-Windows-Windows_10-X86_64.7z
2025-05-05 20:45:03,570 - aqt.helper - INFO - helper 14048 Downloading qtquickcontrols...
2025-05-05 20:45:03,570 - aqt.installer - DEBUG - installer 14048 Download URL: https://download.qt.io/online/qtsdkrepository/windows_x86/desktop/qt5_5152/qt.qt5.5152.win64_msvc2019_64/5.15.2-0-202011130602qtquickcontrols-Windows-Windows_10-MSVC2019-Windows-Windows_10-X86_64.7z
2025-05-05 20:45:03,581 - aqt.installer - INFO - installer 16456 Finished installation of qtquickcontrols2-Windows-Windows_10-MSVC2019-Windows-Windows_10-X86_64.7z in 2.03180370
2025-05-05 20:45:03,588 - aqt.helper - DEBUG - helper 16456 Attempt to download checksum at https://download.qt.io/online/qtsdkrepository/windows_x86/desktop/qt5_5152/qt.qt5.5152.win64_msvc2019_64/5.15.2-0-202011130602qt3d-Windows-Windows_10-MSVC2019-Windows-Windows_10-X86_64.7z.sha256
2025-05-05 20:45:04,004 - aqt.helper - DEBUG - helper 13208 Asked to redirect(302) to: https://qt.mirror.constant.com/online/qtsdkrepository/windows_x86/desktop/qt5_5152/qt.qt5.5152.win64_msvc2019_64/5.15.2-0-202011130602qtwebview-Windows-Windows_10-MSVC2019-Windows-Windows_10-X86_64.7z
2025-05-05 20:45:04,004 - aqt.helper - INFO - helper 13208 Redirected: qt.mirror.constant.com
2025-05-05 20:45:04,050 - aqt.installer - INFO - installer 19284 Finished installation of qtlocation-Windows-Windows_10-MSVC2019-Windows-Windows_10-X86_64.7z in 1.94278500
2025-05-05 20:45:04,058 - aqt.helper - DEBUG - helper 19284 Attempt to download checksum at https://download.qt.io/online/qtsdkrepository/windows_x86/desktop/qt5_5152/qt.qt5.5152.win64_msvc2019_64/5.15.2-0-202011130602qtscxml-Windows-Windows_10-MSVC2019-Windows-Windows_10-X86_64.7z.sha256
2025-05-05 20:45:04,197 - aqt.helper - DEBUG - helper 14048 Asked to redirect(302) to: https://qt.mirror.constant.com/online/qtsdkrepository/windows_x86/desktop/qt5_5152/qt.qt5.5152.win64_msvc2019_64/5.15.2-0-202011130602qtquickcontrols-Windows-Windows_10-MSVC2019-Windows-Windows_10-X86_64.7z
2025-05-05 20:45:04,197 - aqt.helper - INFO - helper 14048 Redirected: qt.mirror.constant.com
2025-05-05 20:45:04,206 - aqt.helper - INFO - helper 16456 Downloading qt3d...
2025-05-05 20:45:04,206 - aqt.installer - DEBUG - installer 16456 Download URL: https://download.qt.io/online/qtsdkrepository/windows_x86/desktop/qt5_5152/qt.qt5.5152.win64_msvc2019_64/5.15.2-0-202011130602qt3d-Windows-Windows_10-MSVC2019-Windows-Windows_10-X86_64.7z
2025-05-05 20:45:04,282 - aqt.installer - INFO - installer 13208 Finished installation of qtwebview-Windows-Windows_10-MSVC2019-Windows-Windows_10-X86_64.7z in 1.51629990
2025-05-05 20:45:04,288 - aqt.helper - DEBUG - helper 13208 Attempt to download checksum at https://download.qt.io/online/qtsdkrepository/windows_x86/desktop/qt5_5152/qt.qt5.5152.win64_msvc2019_64/5.15.2-0-202011130602qtserialbus-Windows-Windows_10-MSVC2019-Windows-Windows_10-X86_64.7z.sha256
2025-05-05 20:45:04,732 - aqt.helper - INFO - helper 19284 Downloading qtscxml...
2025-05-05 20:45:04,732 - aqt.installer - DEBUG - installer 19284 Download URL: https://download.qt.io/online/qtsdkrepository/windows_x86/desktop/qt5_5152/qt.qt5.5152.win64_msvc2019_64/5.15.2-0-202011130602qtscxml-Windows-Windows_10-MSVC2019-Windows-Windows_10-X86_64.7z
2025-05-05 20:45:04,804 - aqt.installer - INFO - installer 14048 Finished installation of qtquickcontrols-Windows-Windows_10-MSVC2019-Windows-Windows_10-X86_64.7z in 1.81884850
2025-05-05 20:45:04,811 - aqt.helper - DEBUG - helper 14048 Attempt to download checksum at https://download.qt.io/online/qtsdkrepository/windows_x86/desktop/qt5_5152/qt.qt5.5152.win64_msvc2019_64/5.15.2-0-202011130602qtspeech-Windows-Windows_10-MSVC2019-Windows-Windows_10-X86_64.7z.sha256
2025-05-05 20:45:04,853 - aqt.helper - DEBUG - helper 16456 Asked to redirect(302) to: https://qt.mirror.constant.com/online/qtsdkrepository/windows_x86/desktop/qt5_5152/qt.qt5.5152.win64_msvc2019_64/5.15.2-0-202011130602qt3d-Windows-Windows_10-MSVC2019-Windows-Windows_10-X86_64.7z
2025-05-05 20:45:04,853 - aqt.helper - INFO - helper 16456 Redirected: qt.mirror.constant.com
2025-05-05 20:45:04,901 - aqt.helper - INFO - helper 13208 Downloading qtserialbus...
2025-05-05 20:45:04,902 - aqt.installer - DEBUG - installer 13208 Download URL: https://download.qt.io/online/qtsdkrepository/windows_x86/desktop/qt5_5152/qt.qt5.5152.win64_msvc2019_64/5.15.2-0-202011130602qtserialbus-Windows-Windows_10-MSVC2019-Windows-Windows_10-X86_64.7z
2025-05-05 20:45:05,381 - aqt.helper - DEBUG - helper 19284 Asked to redirect(302) to: https://qt.mirror.constant.com/online/qtsdkrepository/windows_x86/desktop/qt5_5152/qt.qt5.5152.win64_msvc2019_64/5.15.2-0-202011130602qtscxml-Windows-Windows_10-MSVC2019-Windows-Windows_10-X86_64.7z
2025-05-05 20:45:05,381 - aqt.helper - INFO - helper 19284 Redirected: qt.mirror.constant.com
2025-05-05 20:45:05,485 - aqt.helper - INFO - helper 14048 Downloading qtspeech...
2025-05-05 20:45:05,485 - aqt.installer - DEBUG - installer 14048 Download URL: https://download.qt.io/online/qtsdkrepository/windows_x86/desktop/qt5_5152/qt.qt5.5152.win64_msvc2019_64/5.15.2-0-202011130602qtspeech-Windows-Windows_10-MSVC2019-Windows-Windows_10-X86_64.7z
2025-05-05 20:45:05,547 - aqt.helper - DEBUG - helper 13208 Asked to redirect(302) to: https://qt.mirror.constant.com/online/qtsdkrepository/windows_x86/desktop/qt5_5152/qt.qt5.5152.win64_msvc2019_64/5.15.2-0-202011130602qtserialbus-Windows-Windows_10-MSVC2019-Windows-Windows_10-X86_64.7z
2025-05-05 20:45:05,547 - aqt.helper - INFO - helper 13208 Redirected: qt.mirror.constant.com
2025-05-05 20:45:05,936 - aqt.installer - INFO - installer 13208 Finished installation of qtserialbus-Windows-Windows_10-MSVC2019-Windows-Windows_10-X86_64.7z in 1.64934540
2025-05-05 20:45:05,943 - aqt.helper - DEBUG - helper 13208 Attempt to download checksum at https://download.qt.io/online/qtsdkrepository/windows_x86/desktop/qt5_5152/qt.qt5.5152.win64_msvc2019_64/5.15.2-0-202011130602d3dcompiler_47-x64.7z.sha256
2025-05-05 20:45:06,108 - aqt.helper - DEBUG - helper 14048 Asked to redirect(302) to: https://qt.mirror.constant.com/online/qtsdkrepository/windows_x86/desktop/qt5_5152/qt.qt5.5152.win64_msvc2019_64/5.15.2-0-202011130602qtspeech-Windows-Windows_10-MSVC2019-Windows-Windows_10-X86_64.7z
2025-05-05 20:45:06,108 - aqt.helper - INFO - helper 14048 Redirected: qt.mirror.constant.com
2025-05-05 20:45:06,169 - aqt.installer - INFO - installer 19284 Finished installation of qtscxml-Windows-Windows_10-MSVC2019-Windows-Windows_10-X86_64.7z in 2.11194750
2025-05-05 20:45:06,176 - aqt.helper - DEBUG - helper 19284 Attempt to download checksum at https://download.qt.io/online/qtsdkrepository/windows_x86/desktop/qt5_5152/qt.qt5.5152.win64_msvc2019_64/5.15.2-0-202011130602qtgamepad-Windows-Windows_10-MSVC2019-Windows-Windows_10-X86_64.7z.sha256
2025-05-05 20:45:06,218 - aqt.installer - INFO - installer 16456 Finished installation of qt3d-Windows-Windows_10-MSVC2019-Windows-Windows_10-X86_64.7z in 2.63194920
2025-05-05 20:45:06,403 - aqt.installer - INFO - installer 14048 Finished installation of qtspeech-Windows-Windows_10-MSVC2019-Windows-Windows_10-X86_64.7z in 1.59274010
2025-05-05 20:45:06,408 - aqt.helper - DEBUG - helper 14048 Attempt to download checksum at https://download.qt.io/online/qtsdkrepository/windows_x86/desktop/qt5_5152/qt.qt5.5152.win64_msvc2019_64/5.15.2-0-202011130602qtremoteobjects-Windows-Windows_10-MSVC2019-Windows-Windows_10-X86_64.7z.sha256
2025-05-05 20:45:06,555 - aqt.helper - INFO - helper 13208 Downloading d3dcompiler_47...
2025-05-05 20:45:06,555 - aqt.installer - DEBUG - installer 13208 Download URL: https://download.qt.io/online/qtsdkrepository/windows_x86/desktop/qt5_5152/qt.qt5.5152.win64_msvc2019_64/5.15.2-0-202011130602d3dcompiler_47-x64.7z
2025-05-05 20:45:06,764 - aqt.helper - INFO - helper 19284 Downloading qtgamepad...
2025-05-05 20:45:06,764 - aqt.installer - DEBUG - installer 19284 Download URL: https://download.qt.io/online/qtsdkrepository/windows_x86/desktop/qt5_5152/qt.qt5.5152.win64_msvc2019_64/5.15.2-0-202011130602qtgamepad-Windows-Windows_10-MSVC2019-Windows-Windows_10-X86_64.7z
2025-05-05 20:45:06,992 - aqt.helper - INFO - helper 14048 Downloading qtremoteobjects...
2025-05-05 20:45:06,993 - aqt.installer - DEBUG - installer 14048 Download URL: https://download.qt.io/online/qtsdkrepository/windows_x86/desktop/qt5_5152/qt.qt5.5152.win64_msvc2019_64/5.15.2-0-202011130602qtremoteobjects-Windows-Windows_10-MSVC2019-Windows-Windows_10-X86_64.7z
2025-05-05 20:45:07,133 - aqt.helper - DEBUG - helper 13208 Asked to redirect(302) to: https://qt.mirror.constant.com/online/qtsdkrepository/windows_x86/desktop/qt5_5152/qt.qt5.5152.win64_msvc2019_64/5.15.2-0-202011130602d3dcompiler_47-x64.7z
2025-05-05 20:45:07,133 - aqt.helper - INFO - helper 13208 Redirected: qt.mirror.constant.com
2025-05-05 20:45:07,356 - aqt.helper - DEBUG - helper 19284 Asked to redirect(302) to: https://qt.mirror.constant.com/online/qtsdkrepository/windows_x86/desktop/qt5_5152/qt.qt5.5152.win64_msvc2019_64/5.15.2-0-202011130602qtgamepad-Windows-Windows_10-MSVC2019-Windows-Windows_10-X86_64.7z
2025-05-05 20:45:07,356 - aqt.helper - INFO - helper 19284 Redirected: qt.mirror.constant.com
2025-05-05 20:45:07,611 - aqt.installer - INFO - installer 13208 Finished installation of d3dcompiler_47-x64.7z in 1.66898920
2025-05-05 20:45:07,618 - aqt.helper - DEBUG - helper 13208 Attempt to download checksum at https://download.qt.io/online/qtsdkrepository/windows_x86/desktop/qt5_5152/qt.qt5.5152.win64_msvc2019_64/5.15.2-0-202011130602opengl32sw-64-mesa_12_0_rc2.7z.sha256
2025-05-05 20:45:07,646 - aqt.helper - DEBUG - helper 14048 Asked to redirect(302) to: https://qt.mirror.constant.com/online/qtsdkrepository/windows_x86/desktop/qt5_5152/qt.qt5.5152.win64_msvc2019_64/5.15.2-0-202011130602qtremoteobjects-Windows-Windows_10-MSVC2019-Windows-Windows_10-X86_64.7z
2025-05-05 20:45:07,646 - aqt.helper - INFO - helper 14048 Redirected: qt.mirror.constant.com
2025-05-05 20:45:07,646 - aqt.installer - INFO - installer 19284 Finished installation of qtgamepad-Windows-Windows_10-MSVC2019-Windows-Windows_10-X86_64.7z in 1.47143770
2025-05-05 20:45:08,031 - aqt.installer - INFO - installer 14048 Finished installation of qtremoteobjects-Windows-Windows_10-MSVC2019-Windows-Windows_10-X86_64.7z in 1.62440550
2025-05-05 20:45:08,228 - aqt.helper - INFO - helper 13208 Downloading opengl32sw...
2025-05-05 20:45:08,228 - aqt.installer - DEBUG - installer 13208 Download URL: https://download.qt.io/online/qtsdkrepository/windows_x86/desktop/qt5_5152/qt.qt5.5152.win64_msvc2019_64/5.15.2-0-202011130602opengl32sw-64-mesa_12_0_rc2.7z
2025-05-05 20:45:08,807 - aqt.helper - DEBUG - helper 13208 Asked to redirect(302) to: https://qt.mirror.constant.com/online/qtsdkrepository/windows_x86/desktop/qt5_5152/qt.qt5.5152.win64_msvc2019_64/5.15.2-0-202011130602opengl32sw-64-mesa_12_0_rc2.7z
2025-05-05 20:45:08,809 - aqt.helper - INFO - helper 13208 Redirected: qt.mirror.constant.com
2025-05-05 20:45:09,575 - aqt.installer - INFO - installer 13208 Finished installation of opengl32sw-64-mesa_12_0_rc2.7z in 1.95856620
2025-05-05 20:45:09,683 - aqt.updater - INFO - updater 22100 Patching C:\Users\Tyler\Documents\bldc\tools\Qt\5.15.2\msvc2019_64\bin\qmake.exe
2025-05-05 20:45:09,688 - aqt.updater - INFO - updater 22100 Patching C:\Users\Tyler\Documents\bldc\tools\Qt\5.15.2\msvc2019_64\lib\libEGL.prl
2025-05-05 20:45:09,695 - aqt.updater - INFO - updater 22100 Patching C:\Users\Tyler\Documents\bldc\tools\Qt\5.15.2\msvc2019_64\lib\libEGLd.prl
2025-05-05 20:45:09,699 - aqt.updater - INFO - updater 22100 Patching C:\Users\Tyler\Documents\bldc\tools\Qt\5.15.2\msvc2019_64\lib\libGLESv2.prl
2025-05-05 20:45:09,703 - aqt.updater - INFO - updater 22100 Patching C:\Users\Tyler\Documents\bldc\tools\Qt\5.15.2\msvc2019_64\lib\libGLESv2d.prl
2025-05-05 20:45:09,708 - aqt.updater - INFO - updater 22100 Patching C:\Users\Tyler\Documents\bldc\tools\Qt\5.15.2\msvc2019_64\lib\Qt53DAnimation.prl
2025-05-05 20:45:09,712 - aqt.updater - INFO - updater 22100 Patching C:\Users\Tyler\Documents\bldc\tools\Qt\5.15.2\msvc2019_64\lib\Qt53DAnimationd.prl
2025-05-05 20:45:09,716 - aqt.updater - INFO - updater 22100 Patching C:\Users\Tyler\Documents\bldc\tools\Qt\5.15.2\msvc2019_64\lib\Qt53DCore.prl
2025-05-05 20:45:09,721 - aqt.updater - INFO - updater 22100 Patching C:\Users\Tyler\Documents\bldc\tools\Qt\5.15.2\msvc2019_64\lib\Qt53DCored.prl
2025-05-05 20:45:09,725 - aqt.updater - INFO - updater 22100 Patching C:\Users\Tyler\Documents\bldc\tools\Qt\5.15.2\msvc2019_64\lib\Qt53DExtras.prl
2025-05-05 20:45:09,730 - aqt.updater - INFO - updater 22100 Patching C:\Users\Tyler\Documents\bldc\tools\Qt\5.15.2\msvc2019_64\lib\Qt53DExtrasd.prl
2025-05-05 20:45:09,734 - aqt.updater - INFO - updater 22100 Patching C:\Users\Tyler\Documents\bldc\tools\Qt\5.15.2\msvc2019_64\lib\Qt53DInput.prl
2025-05-05 20:45:09,739 - aqt.updater - INFO - updater 22100 Patching C:\Users\Tyler\Documents\bldc\tools\Qt\5.15.2\msvc2019_64\lib\Qt53DInputd.prl
2025-05-05 20:45:09,743 - aqt.updater - INFO - updater 22100 Patching C:\Users\Tyler\Documents\bldc\tools\Qt\5.15.2\msvc2019_64\lib\Qt53DLogic.prl
2025-05-05 20:45:09,748 - aqt.updater - INFO - updater 22100 Patching C:\Users\Tyler\Documents\bldc\tools\Qt\5.15.2\msvc2019_64\lib\Qt53DLogicd.prl
2025-05-05 20:45:09,753 - aqt.updater - INFO - updater 22100 Patching C:\Users\Tyler\Documents\bldc\tools\Qt\5.15.2\msvc2019_64\lib\Qt53DQuick.prl
2025-05-05 20:45:09,758 - aqt.updater - INFO - updater 22100 Patching C:\Users\Tyler\Documents\bldc\tools\Qt\5.15.2\msvc2019_64\lib\Qt53DQuickAnimation.prl
2025-05-05 20:45:09,763 - aqt.updater - INFO - updater 22100 Patching C:\Users\Tyler\Documents\bldc\tools\Qt\5.15.2\msvc2019_64\lib\Qt53DQuickAnimationd.prl
2025-05-05 20:45:09,767 - aqt.updater - INFO - updater 22100 Patching C:\Users\Tyler\Documents\bldc\tools\Qt\5.15.2\msvc2019_64\lib\Qt53DQuickd.prl
2025-05-05 20:45:09,771 - aqt.updater - INFO - updater 22100 Patching C:\Users\Tyler\Documents\bldc\tools\Qt\5.15.2\msvc2019_64\lib\Qt53DQuickExtras.prl
2025-05-05 20:45:09,776 - aqt.updater - INFO - updater 22100 Patching C:\Users\Tyler\Documents\bldc\tools\Qt\5.15.2\msvc2019_64\lib\Qt53DQuickExtrasd.prl
2025-05-05 20:45:09,781 - aqt.updater - INFO - updater 22100 Patching C:\Users\Tyler\Documents\bldc\tools\Qt\5.15.2\msvc2019_64\lib\Qt53DQuickInput.prl
2025-05-05 20:45:09,785 - aqt.updater - INFO - updater 22100 Patching C:\Users\Tyler\Documents\bldc\tools\Qt\5.15.2\msvc2019_64\lib\Qt53DQuickInputd.prl
2025-05-05 20:45:09,789 - aqt.updater - INFO - updater 22100 Patching C:\Users\Tyler\Documents\bldc\tools\Qt\5.15.2\msvc2019_64\lib\Qt53DQuickRender.prl
2025-05-05 20:45:09,793 - aqt.updater - INFO - updater 22100 Patching C:\Users\Tyler\Documents\bldc\tools\Qt\5.15.2\msvc2019_64\lib\Qt53DQuickRenderd.prl
2025-05-05 20:45:09,797 - aqt.updater - INFO - updater 22100 Patching C:\Users\Tyler\Documents\bldc\tools\Qt\5.15.2\msvc2019_64\lib\Qt53DQuickScene2D.prl
2025-05-05 20:45:09,803 - aqt.updater - INFO - updater 22100 Patching C:\Users\Tyler\Documents\bldc\tools\Qt\5.15.2\msvc2019_64\lib\Qt53DQuickScene2Dd.prl
2025-05-05 20:45:09,807 - aqt.updater - INFO - updater 22100 Patching C:\Users\Tyler\Documents\bldc\tools\Qt\5.15.2\msvc2019_64\lib\Qt53DRender.prl
2025-05-05 20:45:09,812 - aqt.updater - INFO - updater 22100 Patching C:\Users\Tyler\Documents\bldc\tools\Qt\5.15.2\msvc2019_64\lib\Qt53DRenderd.prl
2025-05-05 20:45:09,816 - aqt.updater - INFO - updater 22100 Patching C:\Users\Tyler\Documents\bldc\tools\Qt\5.15.2\msvc2019_64\lib\Qt5AccessibilitySupport.prl
2025-05-05 20:45:09,820 - aqt.updater - INFO - updater 22100 Patching C:\Users\Tyler\Documents\bldc\tools\Qt\5.15.2\msvc2019_64\lib\Qt5AccessibilitySupportd.prl
2025-05-05 20:45:09,825 - aqt.updater - INFO - updater 22100 Patching C:\Users\Tyler\Documents\bldc\tools\Qt\5.15.2\msvc2019_64\lib\Qt5AxBase.prl
2025-05-05 20:45:09,829 - aqt.updater - INFO - updater 22100 Patching C:\Users\Tyler\Documents\bldc\tools\Qt\5.15.2\msvc2019_64\lib\Qt5AxBased.prl
2025-05-05 20:45:09,834 - aqt.updater - INFO - updater 22100 Patching C:\Users\Tyler\Documents\bldc\tools\Qt\5.15.2\msvc2019_64\lib\Qt5AxContainer.prl
2025-05-05 20:45:09,838 - aqt.updater - INFO - updater 22100 Patching C:\Users\Tyler\Documents\bldc\tools\Qt\5.15.2\msvc2019_64\lib\Qt5AxContainerd.prl
2025-05-05 20:45:09,843 - aqt.updater - INFO - updater 22100 Patching C:\Users\Tyler\Documents\bldc\tools\Qt\5.15.2\msvc2019_64\lib\Qt5AxServer.prl
2025-05-05 20:45:09,848 - aqt.updater - INFO - updater 22100 Patching C:\Users\Tyler\Documents\bldc\tools\Qt\5.15.2\msvc2019_64\lib\Qt5AxServerd.prl
2025-05-05 20:45:09,853 - aqt.updater - INFO - updater 22100 Patching C:\Users\Tyler\Documents\bldc\tools\Qt\5.15.2\msvc2019_64\lib\Qt5Bluetooth.prl
2025-05-05 20:45:09,856 - aqt.updater - INFO - updater 22100 Patching C:\Users\Tyler\Documents\bldc\tools\Qt\5.15.2\msvc2019_64\lib\Qt5Bluetoothd.prl
2025-05-05 20:45:09,862 - aqt.updater - INFO - updater 22100 Patching C:\Users\Tyler\Documents\bldc\tools\Qt\5.15.2\msvc2019_64\lib\Qt5Bootstrap.prl
2025-05-05 20:45:09,866 - aqt.updater - INFO - updater 22100 Patching C:\Users\Tyler\Documents\bldc\tools\Qt\5.15.2\msvc2019_64\lib\Qt5Concurrent.prl
2025-05-05 20:45:09,869 - aqt.updater - INFO - updater 22100 Patching C:\Users\Tyler\Documents\bldc\tools\Qt\5.15.2\msvc2019_64\lib\Qt5Concurrentd.prl
2025-05-05 20:45:09,874 - aqt.updater - INFO - updater 22100 Patching C:\Users\Tyler\Documents\bldc\tools\Qt\5.15.2\msvc2019_64\lib\Qt5Core.prl
2025-05-05 20:45:09,879 - aqt.updater - INFO - updater 22100 Patching C:\Users\Tyler\Documents\bldc\tools\Qt\5.15.2\msvc2019_64\lib\Qt5Cored.prl
2025-05-05 20:45:09,884 - aqt.updater - INFO - updater 22100 Patching C:\Users\Tyler\Documents\bldc\tools\Qt\5.15.2\msvc2019_64\lib\Qt5DBus.prl
2025-05-05 20:45:09,888 - aqt.updater - INFO - updater 22100 Patching C:\Users\Tyler\Documents\bldc\tools\Qt\5.15.2\msvc2019_64\lib\Qt5DBusd.prl
2025-05-05 20:45:09,893 - aqt.updater - INFO - updater 22100 Patching C:\Users\Tyler\Documents\bldc\tools\Qt\5.15.2\msvc2019_64\lib\Qt5Designer.prl
2025-05-05 20:45:09,897 - aqt.updater - INFO - updater 22100 Patching C:\Users\Tyler\Documents\bldc\tools\Qt\5.15.2\msvc2019_64\lib\Qt5DesignerComponents.prl
2025-05-05 20:45:09,900 - aqt.updater - INFO - updater 22100 Patching C:\Users\Tyler\Documents\bldc\tools\Qt\5.15.2\msvc2019_64\lib\Qt5DesignerComponentsd.prl
2025-05-05 20:45:09,906 - aqt.updater - INFO - updater 22100 Patching C:\Users\Tyler\Documents\bldc\tools\Qt\5.15.2\msvc2019_64\lib\Qt5Designerd.prl
2025-05-05 20:45:09,909 - aqt.updater - INFO - updater 22100 Patching C:\Users\Tyler\Documents\bldc\tools\Qt\5.15.2\msvc2019_64\lib\Qt5DeviceDiscoverySupport.prl
2025-05-05 20:45:09,916 - aqt.updater - INFO - updater 22100 Patching C:\Users\Tyler\Documents\bldc\tools\Qt\5.15.2\msvc2019_64\lib\Qt5DeviceDiscoverySupportd.prl
2025-05-05 20:45:09,923 - aqt.updater - INFO - updater 22100 Patching C:\Users\Tyler\Documents\bldc\tools\Qt\5.15.2\msvc2019_64\lib\Qt5EdidSupport.prl
2025-05-05 20:45:09,929 - aqt.updater - INFO - updater 22100 Patching C:\Users\Tyler\Documents\bldc\tools\Qt\5.15.2\msvc2019_64\lib\Qt5EdidSupportd.prl
2025-05-05 20:45:09,936 - aqt.updater - INFO - updater 22100 Patching C:\Users\Tyler\Documents\bldc\tools\Qt\5.15.2\msvc2019_64\lib\Qt5EglSupport.prl
2025-05-05 20:45:09,941 - aqt.updater - INFO - updater 22100 Patching C:\Users\Tyler\Documents\bldc\tools\Qt\5.15.2\msvc2019_64\lib\Qt5EglSupportd.prl
2025-05-05 20:45:09,947 - aqt.updater - INFO - updater 22100 Patching C:\Users\Tyler\Documents\bldc\tools\Qt\5.15.2\msvc2019_64\lib\Qt5EventDispatcherSupport.prl
2025-05-05 20:45:09,954 - aqt.updater - INFO - updater 22100 Patching C:\Users\Tyler\Documents\bldc\tools\Qt\5.15.2\msvc2019_64\lib\Qt5EventDispatcherSupportd.prl
2025-05-05 20:45:09,959 - aqt.updater - INFO - updater 22100 Patching C:\Users\Tyler\Documents\bldc\tools\Qt\5.15.2\msvc2019_64\lib\Qt5FbSupport.prl
2025-05-05 20:45:09,963 - aqt.updater - INFO - updater 22100 Patching C:\Users\Tyler\Documents\bldc\tools\Qt\5.15.2\msvc2019_64\lib\Qt5FbSupportd.prl
2025-05-05 20:45:09,968 - aqt.updater - INFO - updater 22100 Patching C:\Users\Tyler\Documents\bldc\tools\Qt\5.15.2\msvc2019_64\lib\Qt5FontDatabaseSupport.prl
2025-05-05 20:45:09,973 - aqt.updater - INFO - updater 22100 Patching C:\Users\Tyler\Documents\bldc\tools\Qt\5.15.2\msvc2019_64\lib\Qt5FontDatabaseSupportd.prl
2025-05-05 20:45:09,978 - aqt.updater - INFO - updater 22100 Patching C:\Users\Tyler\Documents\bldc\tools\Qt\5.15.2\msvc2019_64\lib\Qt5Gamepad.prl
2025-05-05 20:45:09,979 - aqt.updater - INFO - updater 22100 Patching C:\Users\Tyler\Documents\bldc\tools\Qt\5.15.2\msvc2019_64\lib\Qt5Gamepadd.prl
2025-05-05 20:45:09,984 - aqt.updater - INFO - updater 22100 Patching C:\Users\Tyler\Documents\bldc\tools\Qt\5.15.2\msvc2019_64\lib\Qt5Gui.prl
2025-05-05 20:45:09,988 - aqt.updater - INFO - updater 22100 Patching C:\Users\Tyler\Documents\bldc\tools\Qt\5.15.2\msvc2019_64\lib\Qt5Guid.prl
2025-05-05 20:45:09,993 - aqt.updater - INFO - updater 22100 Patching C:\Users\Tyler\Documents\bldc\tools\Qt\5.15.2\msvc2019_64\lib\Qt5Help.prl
2025-05-05 20:45:09,997 - aqt.updater - INFO - updater 22100 Patching C:\Users\Tyler\Documents\bldc\tools\Qt\5.15.2\msvc2019_64\lib\Qt5Helpd.prl
2025-05-05 20:45:10,003 - aqt.updater - INFO - updater 22100 Patching C:\Users\Tyler\Documents\bldc\tools\Qt\5.15.2\msvc2019_64\lib\Qt5Location.prl
2025-05-05 20:45:10,008 - aqt.updater - INFO - updater 22100 Patching C:\Users\Tyler\Documents\bldc\tools\Qt\5.15.2\msvc2019_64\lib\Qt5Locationd.prl
2025-05-05 20:45:10,015 - aqt.updater - INFO - updater 22100 Patching C:\Users\Tyler\Documents\bldc\tools\Qt\5.15.2\msvc2019_64\lib\Qt5Multimedia.prl
2025-05-05 20:45:10,020 - aqt.updater - INFO - updater 22100 Patching C:\Users\Tyler\Documents\bldc\tools\Qt\5.15.2\msvc2019_64\lib\Qt5Multimediad.prl
2025-05-05 20:45:10,023 - aqt.updater - INFO - updater 22100 Patching C:\Users\Tyler\Documents\bldc\tools\Qt\5.15.2\msvc2019_64\lib\Qt5MultimediaQuick.prl
2025-05-05 20:45:10,029 - aqt.updater - INFO - updater 22100 Patching C:\Users\Tyler\Documents\bldc\tools\Qt\5.15.2\msvc2019_64\lib\Qt5MultimediaQuickd.prl
2025-05-05 20:45:10,034 - aqt.updater - INFO - updater 22100 Patching C:\Users\Tyler\Documents\bldc\tools\Qt\5.15.2\msvc2019_64\lib\Qt5MultimediaWidgets.prl
2025-05-05 20:45:10,040 - aqt.updater - INFO - updater 22100 Patching C:\Users\Tyler\Documents\bldc\tools\Qt\5.15.2\msvc2019_64\lib\Qt5MultimediaWidgetsd.prl
2025-05-05 20:45:10,046 - aqt.updater - INFO - updater 22100 Patching C:\Users\Tyler\Documents\bldc\tools\Qt\5.15.2\msvc2019_64\lib\Qt5Network.prl
2025-05-05 20:45:10,052 - aqt.updater - INFO - updater 22100 Patching C:\Users\Tyler\Documents\bldc\tools\Qt\5.15.2\msvc2019_64\lib\Qt5Networkd.prl
2025-05-05 20:45:10,056 - aqt.updater - INFO - updater 22100 Patching C:\Users\Tyler\Documents\bldc\tools\Qt\5.15.2\msvc2019_64\lib\Qt5Nfc.prl
2025-05-05 20:45:10,061 - aqt.updater - INFO - updater 22100 Patching C:\Users\Tyler\Documents\bldc\tools\Qt\5.15.2\msvc2019_64\lib\Qt5Nfcd.prl
2025-05-05 20:45:10,064 - aqt.updater - INFO - updater 22100 Patching C:\Users\Tyler\Documents\bldc\tools\Qt\5.15.2\msvc2019_64\lib\Qt5OpenGL.prl
2025-05-05 20:45:10,068 - aqt.updater - INFO - updater 22100 Patching C:\Users\Tyler\Documents\bldc\tools\Qt\5.15.2\msvc2019_64\lib\Qt5OpenGLd.prl
2025-05-05 20:45:10,072 - aqt.updater - INFO - updater 22100 Patching C:\Users\Tyler\Documents\bldc\tools\Qt\5.15.2\msvc2019_64\lib\Qt5OpenGLExtensions.prl
2025-05-05 20:45:10,077 - aqt.updater - INFO - updater 22100 Patching C:\Users\Tyler\Documents\bldc\tools\Qt\5.15.2\msvc2019_64\lib\Qt5OpenGLExtensionsd.prl
2025-05-05 20:45:10,082 - aqt.updater - INFO - updater 22100 Patching C:\Users\Tyler\Documents\bldc\tools\Qt\5.15.2\msvc2019_64\lib\Qt5PacketProtocol.prl
2025-05-05 20:45:10,083 - aqt.updater - INFO - updater 22100 Patching C:\Users\Tyler\Documents\bldc\tools\Qt\5.15.2\msvc2019_64\lib\Qt5PacketProtocold.prl
2025-05-05 20:45:10,087 - aqt.updater - INFO - updater 22100 Patching C:\Users\Tyler\Documents\bldc\tools\Qt\5.15.2\msvc2019_64\lib\Qt5PlatformCompositorSupport.prl
2025-05-05 20:45:10,092 - aqt.updater - INFO - updater 22100 Patching C:\Users\Tyler\Documents\bldc\tools\Qt\5.15.2\msvc2019_64\lib\Qt5PlatformCompositorSupportd.prl
2025-05-05 20:45:10,092 - aqt.updater - INFO - updater 22100 Patching C:\Users\Tyler\Documents\bldc\tools\Qt\5.15.2\msvc2019_64\lib\Qt5Positioning.prl
2025-05-05 20:45:10,096 - aqt.updater - INFO - updater 22100 Patching C:\Users\Tyler\Documents\bldc\tools\Qt\5.15.2\msvc2019_64\lib\Qt5Positioningd.prl
2025-05-05 20:45:10,101 - aqt.updater - INFO - updater 22100 Patching C:\Users\Tyler\Documents\bldc\tools\Qt\5.15.2\msvc2019_64\lib\Qt5PositioningQuick.prl
2025-05-05 20:45:10,105 - aqt.updater - INFO - updater 22100 Patching C:\Users\Tyler\Documents\bldc\tools\Qt\5.15.2\msvc2019_64\lib\Qt5PositioningQuickd.prl
2025-05-05 20:45:10,109 - aqt.updater - INFO - updater 22100 Patching C:\Users\Tyler\Documents\bldc\tools\Qt\5.15.2\msvc2019_64\lib\Qt5PrintSupport.prl
2025-05-05 20:45:10,110 - aqt.updater - INFO - updater 22100 Patching C:\Users\Tyler\Documents\bldc\tools\Qt\5.15.2\msvc2019_64\lib\Qt5PrintSupportd.prl
2025-05-05 20:45:10,116 - aqt.updater - INFO - updater 22100 Patching C:\Users\Tyler\Documents\bldc\tools\Qt\5.15.2\msvc2019_64\lib\Qt5Qml.prl
2025-05-05 20:45:10,121 - aqt.updater - INFO - updater 22100 Patching C:\Users\Tyler\Documents\bldc\tools\Qt\5.15.2\msvc2019_64\lib\Qt5Qmld.prl
2025-05-05 20:45:10,127 - aqt.updater - INFO - updater 22100 Patching C:\Users\Tyler\Documents\bldc\tools\Qt\5.15.2\msvc2019_64\lib\Qt5QmlDebug.prl
2025-05-05 20:45:10,131 - aqt.updater - INFO - updater 22100 Patching C:\Users\Tyler\Documents\bldc\tools\Qt\5.15.2\msvc2019_64\lib\Qt5QmlDebugd.prl
2025-05-05 20:45:10,135 - aqt.updater - INFO - updater 22100 Patching C:\Users\Tyler\Documents\bldc\tools\Qt\5.15.2\msvc2019_64\lib\Qt5QmlDevTools.prl
2025-05-05 20:45:10,143 - aqt.updater - INFO - updater 22100 Patching C:\Users\Tyler\Documents\bldc\tools\Qt\5.15.2\msvc2019_64\lib\Qt5QmlModels.prl
2025-05-05 20:45:10,147 - aqt.updater - INFO - updater 22100 Patching C:\Users\Tyler\Documents\bldc\tools\Qt\5.15.2\msvc2019_64\lib\Qt5QmlModelsd.prl
2025-05-05 20:45:10,152 - aqt.updater - INFO - updater 22100 Patching C:\Users\Tyler\Documents\bldc\tools\Qt\5.15.2\msvc2019_64\lib\Qt5QmlWorkerScript.prl
2025-05-05 20:45:10,158 - aqt.updater - INFO - updater 22100 Patching C:\Users\Tyler\Documents\bldc\tools\Qt\5.15.2\msvc2019_64\lib\Qt5QmlWorkerScriptd.prl
2025-05-05 20:45:10,162 - aqt.updater - INFO - updater 22100 Patching C:\Users\Tyler\Documents\bldc\tools\Qt\5.15.2\msvc2019_64\lib\Qt5Quick.prl
2025-05-05 20:45:10,166 - aqt.updater - INFO - updater 22100 Patching C:\Users\Tyler\Documents\bldc\tools\Qt\5.15.2\msvc2019_64\lib\Qt5QuickControls2.prl
2025-05-05 20:45:10,171 - aqt.updater - INFO - updater 22100 Patching C:\Users\Tyler\Documents\bldc\tools\Qt\5.15.2\msvc2019_64\lib\Qt5QuickControls2d.prl
2025-05-05 20:45:10,177 - aqt.updater - INFO - updater 22100 Patching C:\Users\Tyler\Documents\bldc\tools\Qt\5.15.2\msvc2019_64\lib\Qt5Quickd.prl
2025-05-05 20:45:10,182 - aqt.updater - INFO - updater 22100 Patching C:\Users\Tyler\Documents\bldc\tools\Qt\5.15.2\msvc2019_64\lib\Qt5QuickParticles.prl
2025-05-05 20:45:10,188 - aqt.updater - INFO - updater 22100 Patching C:\Users\Tyler\Documents\bldc\tools\Qt\5.15.2\msvc2019_64\lib\Qt5QuickParticlesd.prl
2025-05-05 20:45:10,193 - aqt.updater - INFO - updater 22100 Patching C:\Users\Tyler\Documents\bldc\tools\Qt\5.15.2\msvc2019_64\lib\Qt5QuickShapes.prl
2025-05-05 20:45:10,197 - aqt.updater - INFO - updater 22100 Patching C:\Users\Tyler\Documents\bldc\tools\Qt\5.15.2\msvc2019_64\lib\Qt5QuickShapesd.prl
2025-05-05 20:45:10,204 - aqt.updater - INFO - updater 22100 Patching C:\Users\Tyler\Documents\bldc\tools\Qt\5.15.2\msvc2019_64\lib\Qt5QuickTemplates2.prl
2025-05-05 20:45:10,208 - aqt.updater - INFO - updater 22100 Patching C:\Users\Tyler\Documents\bldc\tools\Qt\5.15.2\msvc2019_64\lib\Qt5QuickTemplates2d.prl
2025-05-05 20:45:10,215 - aqt.updater - INFO - updater 22100 Patching C:\Users\Tyler\Documents\bldc\tools\Qt\5.15.2\msvc2019_64\lib\Qt5QuickTest.prl
2025-05-05 20:45:10,220 - aqt.updater - INFO - updater 22100 Patching C:\Users\Tyler\Documents\bldc\tools\Qt\5.15.2\msvc2019_64\lib\Qt5QuickTestd.prl
2025-05-05 20:45:10,224 - aqt.updater - INFO - updater 22100 Patching C:\Users\Tyler\Documents\bldc\tools\Qt\5.15.2\msvc2019_64\lib\Qt5QuickWidgets.prl
2025-05-05 20:45:10,229 - aqt.updater - INFO - updater 22100 Patching C:\Users\Tyler\Documents\bldc\tools\Qt\5.15.2\msvc2019_64\lib\Qt5QuickWidgetsd.prl
2025-05-05 20:45:10,236 - aqt.updater - INFO - updater 22100 Patching C:\Users\Tyler\Documents\bldc\tools\Qt\5.15.2\msvc2019_64\lib\Qt5RemoteObjects.prl
2025-05-05 20:45:10,241 - aqt.updater - INFO - updater 22100 Patching C:\Users\Tyler\Documents\bldc\tools\Qt\5.15.2\msvc2019_64\lib\Qt5RemoteObjectsd.prl
2025-05-05 20:45:10,245 - aqt.updater - INFO - updater 22100 Patching C:\Users\Tyler\Documents\bldc\tools\Qt\5.15.2\msvc2019_64\lib\Qt5Scxml.prl
2025-05-05 20:45:10,253 - aqt.updater - INFO - updater 22100 Patching C:\Users\Tyler\Documents\bldc\tools\Qt\5.15.2\msvc2019_64\lib\Qt5Scxmld.prl
2025-05-05 20:45:10,258 - aqt.updater - INFO - updater 22100 Patching C:\Users\Tyler\Documents\bldc\tools\Qt\5.15.2\msvc2019_64\lib\Qt5Sensors.prl
2025-05-05 20:45:10,262 - aqt.updater - INFO - updater 22100 Patching C:\Users\Tyler\Documents\bldc\tools\Qt\5.15.2\msvc2019_64\lib\Qt5Sensorsd.prl
2025-05-05 20:45:10,269 - aqt.updater - INFO - updater 22100 Patching C:\Users\Tyler\Documents\bldc\tools\Qt\5.15.2\msvc2019_64\lib\Qt5SerialBus.prl
2025-05-05 20:45:10,273 - aqt.updater - INFO - updater 22100 Patching C:\Users\Tyler\Documents\bldc\tools\Qt\5.15.2\msvc2019_64\lib\Qt5SerialBusd.prl
2025-05-05 20:45:10,279 - aqt.updater - INFO - updater 22100 Patching C:\Users\Tyler\Documents\bldc\tools\Qt\5.15.2\msvc2019_64\lib\Qt5SerialPort.prl
2025-05-05 20:45:10,285 - aqt.updater - INFO - updater 22100 Patching C:\Users\Tyler\Documents\bldc\tools\Qt\5.15.2\msvc2019_64\lib\Qt5SerialPortd.prl
2025-05-05 20:45:10,291 - aqt.updater - INFO - updater 22100 Patching C:\Users\Tyler\Documents\bldc\tools\Qt\5.15.2\msvc2019_64\lib\Qt5Sql.prl
2025-05-05 20:45:10,296 - aqt.updater - INFO - updater 22100 Patching C:\Users\Tyler\Documents\bldc\tools\Qt\5.15.2\msvc2019_64\lib\Qt5Sqld.prl
2025-05-05 20:45:10,301 - aqt.updater - INFO - updater 22100 Patching C:\Users\Tyler\Documents\bldc\tools\Qt\5.15.2\msvc2019_64\lib\Qt5Svg.prl
2025-05-05 20:45:10,306 - aqt.updater - INFO - updater 22100 Patching C:\Users\Tyler\Documents\bldc\tools\Qt\5.15.2\msvc2019_64\lib\Qt5Svgd.prl
2025-05-05 20:45:10,313 - aqt.updater - INFO - updater 22100 Patching C:\Users\Tyler\Documents\bldc\tools\Qt\5.15.2\msvc2019_64\lib\Qt5Test.prl
2025-05-05 20:45:10,318 - aqt.updater - INFO - updater 22100 Patching C:\Users\Tyler\Documents\bldc\tools\Qt\5.15.2\msvc2019_64\lib\Qt5Testd.prl
2025-05-05 20:45:10,322 - aqt.updater - INFO - updater 22100 Patching C:\Users\Tyler\Documents\bldc\tools\Qt\5.15.2\msvc2019_64\lib\Qt5TextToSpeech.prl
2025-05-05 20:45:10,329 - aqt.updater - INFO - updater 22100 Patching C:\Users\Tyler\Documents\bldc\tools\Qt\5.15.2\msvc2019_64\lib\Qt5TextToSpeechd.prl
2025-05-05 20:45:10,333 - aqt.updater - INFO - updater 22100 Patching C:\Users\Tyler\Documents\bldc\tools\Qt\5.15.2\msvc2019_64\lib\Qt5ThemeSupport.prl
2025-05-05 20:45:10,339 - aqt.updater - INFO - updater 22100 Patching C:\Users\Tyler\Documents\bldc\tools\Qt\5.15.2\msvc2019_64\lib\Qt5ThemeSupportd.prl
2025-05-05 20:45:10,345 - aqt.updater - INFO - updater 22100 Patching C:\Users\Tyler\Documents\bldc\tools\Qt\5.15.2\msvc2019_64\lib\Qt5UiTools.prl
2025-05-05 20:45:10,349 - aqt.updater - INFO - updater 22100 Patching C:\Users\Tyler\Documents\bldc\tools\Qt\5.15.2\msvc2019_64\lib\Qt5UiToolsd.prl
2025-05-05 20:45:10,357 - aqt.updater - INFO - updater 22100 Patching C:\Users\Tyler\Documents\bldc\tools\Qt\5.15.2\msvc2019_64\lib\Qt5VulkanSupport.prl
2025-05-05 20:45:10,358 - aqt.updater - INFO - updater 22100 Patching C:\Users\Tyler\Documents\bldc\tools\Qt\5.15.2\msvc2019_64\lib\Qt5VulkanSupportd.prl
2025-05-05 20:45:10,362 - aqt.updater - INFO - updater 22100 Patching C:\Users\Tyler\Documents\bldc\tools\Qt\5.15.2\msvc2019_64\lib\Qt5WebChannel.prl
2025-05-05 20:45:10,367 - aqt.updater - INFO - updater 22100 Patching C:\Users\Tyler\Documents\bldc\tools\Qt\5.15.2\msvc2019_64\lib\Qt5WebChanneld.prl
2025-05-05 20:45:10,373 - aqt.updater - INFO - updater 22100 Patching C:\Users\Tyler\Documents\bldc\tools\Qt\5.15.2\msvc2019_64\lib\Qt5WebSockets.prl
2025-05-05 20:45:10,378 - aqt.updater - INFO - updater 22100 Patching C:\Users\Tyler\Documents\bldc\tools\Qt\5.15.2\msvc2019_64\lib\Qt5WebSocketsd.prl
2025-05-05 20:45:10,383 - aqt.updater - INFO - updater 22100 Patching C:\Users\Tyler\Documents\bldc\tools\Qt\5.15.2\msvc2019_64\lib\Qt5WebView.prl
2025-05-05 20:45:10,389 - aqt.updater - INFO - updater 22100 Patching C:\Users\Tyler\Documents\bldc\tools\Qt\5.15.2\msvc2019_64\lib\Qt5WebViewd.prl
2025-05-05 20:45:10,394 - aqt.updater - INFO - updater 22100 Patching C:\Users\Tyler\Documents\bldc\tools\Qt\5.15.2\msvc2019_64\lib\Qt5Widgets.prl
2025-05-05 20:45:10,398 - aqt.updater - INFO - updater 22100 Patching C:\Users\Tyler\Documents\bldc\tools\Qt\5.15.2\msvc2019_64\lib\Qt5Widgetsd.prl
2025-05-05 20:45:10,403 - aqt.updater - INFO - updater 22100 Patching C:\Users\Tyler\Documents\bldc\tools\Qt\5.15.2\msvc2019_64\lib\Qt5WindowsUIAutomationSupport.prl
2025-05-05 20:45:10,407 - aqt.updater - INFO - updater 22100 Patching C:\Users\Tyler\Documents\bldc\tools\Qt\5.15.2\msvc2019_64\lib\Qt5WindowsUIAutomationSupportd.prl
2025-05-05 20:45:10,412 - aqt.updater - INFO - updater 22100 Patching C:\Users\Tyler\Documents\bldc\tools\Qt\5.15.2\msvc2019_64\lib\Qt5WinExtras.prl
2025-05-05 20:45:10,419 - aqt.updater - INFO - updater 22100 Patching C:\Users\Tyler\Documents\bldc\tools\Qt\5.15.2\msvc2019_64\lib\Qt5WinExtrasd.prl
2025-05-05 20:45:10,423 - aqt.updater - INFO - updater 22100 Patching C:\Users\Tyler\Documents\bldc\tools\Qt\5.15.2\msvc2019_64\lib\Qt5Xml.prl
2025-05-05 20:45:10,427 - aqt.updater - INFO - updater 22100 Patching C:\Users\Tyler\Documents\bldc\tools\Qt\5.15.2\msvc2019_64\lib\Qt5Xmld.prl
2025-05-05 20:45:10,431 - aqt.updater - INFO - updater 22100 Patching C:\Users\Tyler\Documents\bldc\tools\Qt\5.15.2\msvc2019_64\lib\Qt5XmlPatterns.prl
2025-05-05 20:45:10,436 - aqt.updater - INFO - updater 22100 Patching C:\Users\Tyler\Documents\bldc\tools\Qt\5.15.2\msvc2019_64\lib\Qt5XmlPatternsd.prl
2025-05-05 20:45:10,441 - aqt.updater - INFO - updater 22100 Patching C:\Users\Tyler\Documents\bldc\tools\Qt\5.15.2\msvc2019_64\lib\qtfreetype.prl
2025-05-05 20:45:10,445 - aqt.updater - INFO - updater 22100 Patching C:\Users\Tyler\Documents\bldc\tools\Qt\5.15.2\msvc2019_64\lib\qtfreetyped.prl
2025-05-05 20:45:10,452 - aqt.updater - INFO - updater 22100 Patching C:\Users\Tyler\Documents\bldc\tools\Qt\5.15.2\msvc2019_64\lib\qtlibpng.prl
2025-05-05 20:45:10,456 - aqt.updater - INFO - updater 22100 Patching C:\Users\Tyler\Documents\bldc\tools\Qt\5.15.2\msvc2019_64\lib\qtlibpngd.prl
2025-05-05 20:45:10,462 - aqt.updater - INFO - updater 22100 Patching C:\Users\Tyler\Documents\bldc\tools\Qt\5.15.2\msvc2019_64\lib\qtmain.prl
2025-05-05 20:45:10,469 - aqt.updater - INFO - updater 22100 Patching C:\Users\Tyler\Documents\bldc\tools\Qt\5.15.2\msvc2019_64\lib\qtmaind.prl
2025-05-05 20:45:10,474 - aqt.main - INFO - installer 22100 Finished installation
2025-05-05 20:45:10,474 - aqt.main - INFO - installer 22100 Time elapsed: 18.43654730 second
2025-05-05 20:45:10,711 - aqt.main - INFO - installer 8604 aqtinstall(aqt) v3.2.1 on Python 3.12.0 [CPython MSC v.1935 64 bit (AMD64)]
2025-05-05 20:45:10,712 - aqt.helper - DEBUG - helper 8604 Attempt to download checksum at https://download.qt.io/online/qtsdkrepository/windows_x86/desktop/tools_qtcreator/Updates.xml.sha256
2025-05-05 20:45:12,186 - aqt.helper - DEBUG - helper 16296 Attempt to download checksum at https://download.qt.io/online/qtsdkrepository/windows_x86/desktop/tools_qtcreator/qt.tools.qtcreator/9.0.0-0-202211220359wininterrupt32.7z.sha256
2025-05-05 20:45:12,186 - aqt.helper - DEBUG - helper 15280 Attempt to download checksum at https://download.qt.io/online/qtsdkrepository/windows_x86/desktop/tools_qtcreator/qt.tools.qtcreator/9.0.0-0-202211220359wininterrupt64.7z.sha256
2025-05-05 20:45:12,187 - aqt.helper - DEBUG - helper 16212 Attempt to download checksum at https://download.qt.io/online/qtsdkrepository/windows_x86/desktop/tools_qtcreator/qt.tools.qtcreator/9.0.0-0-202211220359qtcreator_sdktool.7z.sha256
2025-05-05 20:45:12,921 - aqt.helper - INFO - helper 15280 Downloading qt.tools.qtcreator...
2025-05-05 20:45:12,924 - aqt.helper - INFO - helper 16212 Downloading qt.tools.qtcreator...
2025-05-05 20:45:12,925 - aqt.helper - INFO - helper 16296 Downloading qt.tools.qtcreator...
2025-05-05 20:45:12,921 - aqt.installer - DEBUG - installer 15280 Download URL: https://download.qt.io/online/qtsdkrepository/windows_x86/desktop/tools_qtcreator/qt.tools.qtcreator/9.0.0-0-202211220359wininterrupt64.7z
2025-05-05 20:45:12,924 - aqt.installer - DEBUG - installer 16212 Download URL: https://download.qt.io/online/qtsdkrepository/windows_x86/desktop/tools_qtcreator/qt.tools.qtcreator/9.0.0-0-202211220359qtcreator_sdktool.7z
2025-05-05 20:45:12,925 - aqt.installer - DEBUG - installer 16296 Download URL: https://download.qt.io/online/qtsdkrepository/windows_x86/desktop/tools_qtcreator/qt.tools.qtcreator/9.0.0-0-202211220359wininterrupt32.7z
2025-05-05 20:45:12,937 - aqt.helper - INFO - helper 8288 Downloading qt.tools.qtcreator...
2025-05-05 20:45:12,937 - aqt.installer - DEBUG - installer 8288 Download URL: https://download.qt.io/online/qtsdkrepository/windows_x86/desktop/tools_qtcreator/qt.tools.qtcreator/9.0.0-0-202211220359qtcreator.7z
2025-05-05 20:45:13,620 - aqt.helper - DEBUG - helper 16212 Asked to redirect(302) to: https://qt.mirror.constant.com/online/qtsdkrepository/windows_x86/desktop/tools_qtcreator/qt.tools.qtcreator/9.0.0-0-202211220359qtcreator_sdktool.7z
2025-05-05 20:45:13,620 - aqt.helper - INFO - helper 16212 Redirected: qt.mirror.constant.com
2025-05-05 20:45:13,632 - aqt.helper - DEBUG - helper 16296 Asked to redirect(302) to: https://qt.mirror.constant.com/online/qtsdkrepository/windows_x86/desktop/tools_qtcreator/qt.tools.qtcreator/9.0.0-0-202211220359wininterrupt32.7z
2025-05-05 20:45:13,632 - aqt.helper - INFO - helper 16296 Redirected: qt.mirror.constant.com
2025-05-05 20:45:13,643 - aqt.helper - DEBUG - helper 8288 Asked to redirect(302) to: https://qt.mirror.constant.com/online/qtsdkrepository/windows_x86/desktop/tools_qtcreator/qt.tools.qtcreator/9.0.0-0-202211220359qtcreator.7z
2025-05-05 20:45:13,643 - aqt.helper - INFO - helper 8288 Redirected: qt.mirror.constant.com
2025-05-05 20:45:13,655 - aqt.helper - DEBUG - helper 15280 Asked to redirect(302) to: https://qt.mirror.constant.com/online/qtsdkrepository/windows_x86/desktop/tools_qtcreator/qt.tools.qtcreator/9.0.0-0-202211220359wininterrupt64.7z
2025-05-05 20:45:13,655 - aqt.helper - INFO - helper 15280 Redirected: qt.mirror.constant.com
2025-05-05 20:45:14,002 - aqt.installer - INFO - installer 15280 Finished installation of wininterrupt64.7z in 1.81785290
2025-05-05 20:45:14,006 - aqt.installer - INFO - installer 16296 Finished installation of wininterrupt32.7z in 1.82128060
2025-05-05 20:45:14,010 - aqt.helper - DEBUG - helper 15280 Attempt to download checksum at https://download.qt.io/online/qtsdkrepository/windows_x86/desktop/tools_qtcreator/qt.tools.qtcreator/9.0.0-0-202211220359jom.7z.sha256
2025-05-05 20:45:14,140 - aqt.installer - INFO - installer 16212 Finished installation of qtcreator_sdktool.7z in 1.95440280
2025-05-05 20:45:15,363 - aqt.helper - INFO - helper 15280 Downloading qt.tools.qtcreator...
2025-05-05 20:45:15,364 - aqt.installer - DEBUG - installer 15280 Download URL: https://download.qt.io/online/qtsdkrepository/windows_x86/desktop/tools_qtcreator/qt.tools.qtcreator/9.0.0-0-202211220359jom.7z
2025-05-05 20:45:16,058 - aqt.helper - DEBUG - helper 15280 Asked to redirect(302) to: https://qt.mirror.constant.com/online/qtsdkrepository/windows_x86/desktop/tools_qtcreator/qt.tools.qtcreator/9.0.0-0-202211220359jom.7z
2025-05-05 20:45:16,058 - aqt.helper - INFO - helper 15280 Redirected: qt.mirror.constant.com
2025-05-05 20:45:16,446 - aqt.installer - INFO - installer 15280 Finished installation of jom.7z in 2.43750730
2025-05-05 20:45:25,249 - aqt.installer - INFO - installer 8288 Finished installation of qtcreator.7z in 13.06450270
2025-05-05 20:45:25,318 - aqt.main - INFO - installer 8604 Finished installation
2025-05-05 20:45:25,318 - aqt.main - INFO - installer 8604 Time elapsed: 14.60722190 second
